
> @workspace/mbs-crm@0.0.0 build /home/runner/workspace/artifacts/mbs-crm
> vite build --config vite.config.ts

vite v7.3.6 building client environment for production...
transforming...
src/components/ui/tooltip.tsx (2:0): Error when using sourcemap for reporting an error: Can't resolve original location of error.
src/components/ui/sheet.tsx (2:0): Error when using sourcemap for reporting an error: Can't resolve original location of error.
src/components/ui/dropdown-menu.tsx (2:0): Error when using sourcemap for reporting an error: Can't resolve original location of error.
src/components/ui/select.tsx (2:0): Error when using sourcemap for reporting an error: Can't resolve original location of error.
src/components/ui/label.tsx (2:0): Error when using sourcemap for reporting an error: Can't resolve original location of error.
src/components/ui/command.tsx (2:0): Error when using sourcemap for reporting an error: Can't resolve original location of error.
✓ 3478 modules transformed.
rendering chunks...
computing gzip size...
dist/public/index.html                                          1.73 kB │ gzip:   0.67 kB
dist/public/assets/leads-CDu8DMkD.css                           2.16 kB │ gzip:   0.70 kB
dist/public/assets/index-rs5NHbHZ.css                         166.37 kB │ gzip:  26.59 kB
dist/public/assets/chevron-left-C6RLiaDS.js                     0.13 kB │ gzip:   0.14 kB
dist/public/assets/arrow-left-CHAYOM1i.js                       0.17 kB │ gzip:   0.16 kB
dist/public/assets/circle-check-DcReIb6J.js                     0.17 kB │ gzip:   0.16 kB
dist/public/assets/play-hbUEDDdL.js                             0.19 kB │ gzip:   0.18 kB
dist/public/assets/user-BAckt8-8.js                             0.19 kB │ gzip:   0.18 kB
dist/public/assets/info-mXAh_CoV.js                             0.20 kB │ gzip:   0.17 kB
dist/public/assets/rotate-ccw-BhuJvA2e.js                       0.20 kB │ gzip:   0.18 kB
dist/public/assets/circle-x-C3-tCvx0.js                         0.20 kB │ gzip:   0.17 kB
dist/public/assets/dollar-sign-D74gY_zD.js                      0.22 kB │ gzip:   0.19 kB
dist/public/assets/copy-CLeV34KS.js                             0.23 kB │ gzip:   0.20 kB
dist/public/assets/link-2-BxddgjnC.js                           0.24 kB │ gzip:   0.20 kB
dist/public/assets/arrow-up-down-DioFpUc2.js                    0.25 kB │ gzip:   0.19 kB
dist/public/assets/chart-column-BrHaTfNm.js                     0.25 kB │ gzip:   0.19 kB
dist/public/assets/eye-BVOzAf4w.js                              0.25 kB │ gzip:   0.20 kB
dist/public/assets/archive-CCNYdbyJ.js                          0.25 kB │ gzip:   0.21 kB
dist/public/assets/calendar-BV_Unz94.js                         0.26 kB │ gzip:   0.20 kB
dist/public/assets/triangle-alert-DLCHYjp-.js                   0.27 kB │ gzip:   0.21 kB
dist/public/assets/pencil-BxuNgR5-.js                           0.28 kB │ gzip:   0.23 kB
dist/public/assets/send-BFMc8WpR.js                             0.29 kB │ gzip:   0.23 kB
dist/public/assets/wrench-cw2W16gL.js                           0.30 kB │ gzip:   0.24 kB
dist/public/assets/list-Cx04vc65.js                             0.30 kB │ gzip:   0.19 kB
dist/public/assets/use-manager-directory-BU4-cJGB.js            0.33 kB │ gzip:   0.24 kB
dist/public/assets/save-auOvPAg_.js                             0.33 kB │ gzip:   0.23 kB
dist/public/assets/trash-2-DAye-eJI.js                          0.33 kB │ gzip:   0.22 kB
dist/public/assets/shield-alert-DYU0bwEE.js                     0.35 kB │ gzip:   0.26 kB
dist/public/assets/use-assignment-directory-DLn89tK0.js         0.36 kB │ gzip:   0.28 kB
dist/public/assets/repChooser-CzIETh9b.js                       0.37 kB │ gzip:   0.27 kB
dist/public/assets/trending-up-B5Cak10C.js                      0.41 kB │ gzip:   0.25 kB
dist/public/assets/dealApproval-DRPhxEeR.js                     0.42 kB │ gzip:   0.27 kB
dist/public/assets/phone-call-CqUb8heb.js                       0.42 kB │ gzip:   0.27 kB
dist/public/assets/star-Cwfq-tZv.js                             0.47 kB │ gzip:   0.29 kB
dist/public/assets/sparkles-C7ByPICi.js                         0.50 kB │ gzip:   0.28 kB
dist/public/assets/financing-campaign-redirect-BI07o71B.js      0.67 kB │ gzip:   0.42 kB
dist/public/assets/not-found-JbHWQjlH.js                        0.70 kB │ gzip:   0.38 kB
dist/public/assets/fileDownload-Do9oMiCL.js                     0.79 kB │ gzip:   0.50 kB
dist/public/assets/index-C2dyTFfI.js                            0.93 kB │ gzip:   0.56 kB
dist/public/assets/card-C3_iQAOR.js                             1.03 kB │ gzip:   0.39 kB
dist/public/assets/list-response-Bwpusjzs.js                    1.03 kB │ gzip:   0.53 kB
dist/public/assets/useInfiniteQuery-DcUIvxi1.js                 1.12 kB │ gzip:   0.47 kB
dist/public/assets/safe-email-html-preview-Cau1DhpG.js          1.23 kB │ gzip:   0.75 kB
dist/public/assets/dealBoard-CE-u94hD.js                        1.34 kB │ gzip:   0.64 kB
dist/public/assets/empty-BJ_MBfyu.js                            1.49 kB │ gzip:   0.58 kB
dist/public/assets/table-Db0mArSK.js                            1.61 kB │ gzip:   0.57 kB
dist/public/assets/phone-link-QCzWVplr.js                       1.94 kB │ gzip:   0.87 kB
dist/public/assets/referrer-select-tsI0h-2Z.js                  1.98 kB │ gzip:   0.94 kB
dist/public/assets/campaignMetrics-BZ_H2_AY.js                  2.02 kB │ gzip:   0.82 kB
dist/public/assets/formatDistanceToNow-CDMam4hM.js              2.23 kB │ gzip:   0.92 kB
dist/public/assets/searchable-select-DoPseb0B.js                2.25 kB │ gzip:   1.18 kB
dist/public/assets/switch-Bks9hnYG.js                           2.44 kB │ gzip:   1.22 kB
dist/public/assets/rep-chooser-XEQn7xvl.js                      2.77 kB │ gzip:   1.28 kB
dist/public/assets/campaign-replies-panel-XYxzbGFd.js           3.09 kB │ gzip:   1.36 kB
dist/public/assets/tabs-DZGJWlRZ.js                             3.16 kB │ gzip:   1.34 kB
dist/public/assets/checkbox-DOEpQYgO.js                         3.79 kB │ gzip:   1.67 kB
dist/public/assets/alert-dialog-CzCLzXjc.js                     4.72 kB │ gzip:   1.72 kB
dist/public/assets/new-deal-E-JnDdj7.js                         5.20 kB │ gzip:   1.99 kB
dist/public/assets/campaign-library-flyer-picker-BQNNOU6B.js    5.58 kB │ gzip:   2.35 kB
dist/public/assets/referral-panels-BhHFQANi.js                  5.62 kB │ gzip:   2.02 kB
dist/public/assets/new-lead-DisSD7ug.js                         6.04 kB │ gzip:   2.15 kB
dist/public/assets/index-C7yKKq-w.js                            6.19 kB │ gzip:   2.10 kB
dist/public/assets/application-status-JVOE4Zs_.js               6.76 kB │ gzip:   2.49 kB
dist/public/assets/credit-compliance-BSLP-1Yu.js                7.69 kB │ gzip:   2.50 kB
dist/public/assets/rep-quickstart-7YE5Cqt9.js                   7.94 kB │ gzip:   2.68 kB
dist/public/assets/workflow-rules-lhUCtWby.js                   8.81 kB │ gzip:   2.79 kB
dist/public/assets/rate-points-DAeXT-69.js                      9.08 kB │ gzip:   3.24 kB
dist/public/assets/system-health-BY5uCJwV.js                    9.29 kB │ gzip:   2.93 kB
dist/public/assets/flyer-templates-B7NtsvP7.js                 10.59 kB │ gzip:   3.39 kB
dist/public/assets/rate-converter-Cq2ZjJlR.js                  10.67 kB │ gzip:   3.10 kB
dist/public/assets/admin-usfa-intake-4_4VtpzU.js               11.40 kB │ gzip:   3.30 kB
dist/public/assets/drip-sequences-CMvuxgXt.js                  11.68 kB │ gzip:   3.84 kB
dist/public/assets/email-templates-DWjqMCna.js                 13.49 kB │ gzip:   4.63 kB
dist/public/assets/governance-aY9Vjqpi.js                      13.59 kB │ gzip:   4.07 kB
dist/public/assets/index-CE-pPeg2.js                           18.94 kB │ gzip:   4.41 kB
dist/public/assets/format-BsxEDTnR.js                          19.55 kB │ gzip:   5.52 kB
dist/public/assets/documents-BYn1ZYB1.js                       20.97 kB │ gzip:   6.89 kB
dist/public/assets/deals-BN7zNNP7.js                           22.61 kB │ gzip:   7.01 kB
dist/public/assets/campaigns-DAijh4-_.js                       23.02 kB │ gzip:   7.28 kB
dist/public/assets/record-action-bar-CWyO2sco.js               24.11 kB │ gzip:   8.31 kB
dist/public/assets/deal-detail-IvQ5EODu.js                     25.27 kB │ gzip:   7.08 kB
dist/public/assets/purify.es-BPuvlvQ_.js                       29.05 kB │ gzip:  11.07 kB
dist/public/assets/lender-management-BDJdo9Dg.js               37.38 kB │ gzip:   9.24 kB
dist/public/assets/leads-D1fHGvME.js                           49.48 kB │ gzip:  13.10 kB
dist/public/assets/apply-2IV8Jvdv.js                           55.19 kB │ gzip:  14.96 kB
dist/public/assets/index-BbM4IuHb.js                           60.41 kB │ gzip:  16.68 kB
dist/public/assets/campaign-detail-mTJF9ymL.js                 65.06 kB │ gzip:  17.36 kB
dist/public/assets/form-CKUWfalI.js                            85.86 kB │ gzip:  23.78 kB
dist/public/assets/settings-C0JtOvMb.js                        86.47 kB │ gzip:  24.71 kB
dist/public/assets/lead-detail-DoEE0dBg.js                    120.51 kB │ gzip:  28.84 kB
dist/public/assets/rich-text-editor-CwK7c4ZQ.js               409.64 kB │ gzip: 129.89 kB
dist/public/assets/dashboard-DLEj-5oT.js                      421.49 kB │ gzip: 114.71 kB
dist/public/assets/index-0gtq9uBz.js                          844.81 kB │ gzip: 242.97 kB

(!) Some chunks are larger than 500 kB after minification. Consider:
- Using dynamic import() to code-split the application
- Use build.rollupOptions.output.manualChunks to improve chunking: https://rollupjs.org/configuration-options/#output-manualchunks
- Adjust chunk size limit for this warning via build.chunkSizeWarningLimit.
✓ built in 29.66s
