Attention: Clerk collects telemetry data from its SDKs when connected to development instances.
The data collected is used to inform Clerk's product roadmap.
To learn more, including how to opt-out from the telemetry program, visit: https://clerk.com/docs/telemetry.

before dashboard-390-admin: 45 controls
before leads-390-admin: 80 controls
before lead-detail-390-admin: 67 controls
before pipeline-390-admin: 54 controls
before apply-390-admin: 5 controls
before settings-390-admin: 84 controls
before dashboard-768-admin: 45 controls
before leads-768-admin: 80 controls
before lead-detail-768-admin: 68 controls
before pipeline-768-admin: 54 controls
before apply-768-admin: 5 controls
before settings-768-admin: 84 controls
before dashboard-390-manager: 30 controls
before leads-390-manager: 72 controls
before lead-detail-390-manager: 59 controls
before pipeline-390-manager: 45 controls
before apply-390-manager: 5 controls
before settings-390-manager: 29 controls
before dashboard-768-manager: 30 controls
before leads-768-manager: 72 controls
before lead-detail-768-manager: 60 controls
before pipeline-768-manager: 45 controls
before apply-768-manager: 5 controls
before settings-768-manager: 29 controls
before dashboard-390-rep: 25 controls
before leads-390-rep: 62 controls
before lead-detail-390-rep: 55 controls
before pipeline-390-rep: 36 controls
before apply-390-rep: 5 controls
before settings-390-rep: 27 controls
before dashboard-768-rep: 25 controls
before leads-768-rep: 62 controls
before lead-detail-768-rep: 56 controls
before pipeline-768-rep: 36 controls
before apply-768-rep: 5 controls
before settings-768-rep: 27 controls
after dashboard-390-admin: 45 controls
after leads-390-admin: 80 controls
after lead-detail-390-admin: 67 controls
after pipeline-390-admin: 54 controls
after apply-390-admin: 5 controls
after settings-390-admin: 84 controls
after dashboard-768-admin: 45 controls
after leads-768-admin: 80 controls
after lead-detail-768-admin: 68 controls
after pipeline-768-admin: 54 controls
after apply-768-admin: 5 controls
after settings-768-admin: 84 controls
after dashboard-390-manager: 30 controls
after leads-390-manager: 72 controls
after lead-detail-390-manager: 59 controls
after pipeline-390-manager: 45 controls
after apply-390-manager: 5 controls
after settings-390-manager: 29 controls
after dashboard-768-manager: 30 controls
after leads-768-manager: 72 controls
after lead-detail-768-manager: 60 controls
after pipeline-768-manager: 45 controls
after apply-768-manager: 5 controls
after settings-768-manager: 29 controls
after dashboard-390-rep: 25 controls
after leads-390-rep: 62 controls
after lead-detail-390-rep: 55 controls
after pipeline-390-rep: 36 controls
after apply-390-rep: 5 controls
after settings-390-rep: 27 controls
after dashboard-768-rep: 25 controls
after leads-768-rep: 62 controls
after lead-detail-768-rep: 56 controls
after pipeline-768-rep: 36 controls
after apply-768-rep: 5 controls
after settings-768-rep: 27 controls
MOBILE STRUCTURE 36/36
MOBILE STRUCTURE PASS — zero new exceptions on existing screens
