{
  "targetCommit": "c6fc40fa76880972ad2d8b1226ef0fb45c5890ca",
  "sourceTree": "7fad71128600161b469e35da5cc52d03a7a5db00",
  "verifiedBlobCount": 1580,
  "archivedBaselineCases": 36,
  "candidateBuilds": [
    {
      "artifact": "pinned API dist",
      "root": "/tmp/predeploy-c6fc40f-source/artifacts/api-server/dist",
      "present": true,
      "sha256": "b64b55747cd75aafedbde0b494c65c3364db4a0347700f699ac497800ec87bc5",
      "fileCount": 158,
      "mtime": "2026-10-06T22:14:31.046Z"
    },
    {
      "artifact": "pinned web dist/public",
      "root": "/tmp/predeploy-c6fc40f-source/artifacts/mbs-crm/dist/public",
      "present": true,
      "sha256": "92f293673cfd1044a9e10aa161696a89ba1fbfebfd435a40c89c8e971efda623",
      "fileCount": 108,
      "mtime": "2026-10-06T22:14:41.780Z"
    }
  ],
  "pinnedPlaywrightDependencyAvailable": true,
  "preflightStatus": "PASS",
  "testClerkCredentialConfigured": true,
  "developmentDatabaseConfigured": true,
  "browserExecutionPermitted": true
}
